C:/Users/DQUACH/Documents/Test_LineSTM32/test_project/Core/Src/main.c:72:1:__io_putchar	1
C:/Users/DQUACH/Documents/Test_LineSTM32/test_project/Core/Src/main.c:87:5:main	2
C:/Users/DQUACH/Documents/Test_LineSTM32/test_project/Core/Src/main.c:161:6:SystemClock_Config	3
C:/Users/DQUACH/Documents/Test_LineSTM32/test_project/Core/Src/main.c:203:13:MX_ADC1_Init	3
C:/Users/DQUACH/Documents/Test_LineSTM32/test_project/Core/Src/main.c:255:13:MX_TIM2_Init	7
C:/Users/DQUACH/Documents/Test_LineSTM32/test_project/Core/Src/main.c:318:13:MX_TIM3_Init	7
C:/Users/DQUACH/Documents/Test_LineSTM32/test_project/Core/Src/main.c:381:13:MX_USART2_UART_Init	2
C:/Users/DQUACH/Documents/Test_LineSTM32/test_project/Core/Src/main.c:414:13:MX_GPIO_Init	1
C:/Users/DQUACH/Documents/Test_LineSTM32/test_project/Core/Src/main.c:457:6:Error_Handler	1
