C:/Users/DQUACH/Documents/Test_LineSTM32/test_project/Core/Src/main.c:72:1:__io_putchar	16	static
C:/Users/DQUACH/Documents/Test_LineSTM32/test_project/Core/Src/main.c:87:5:main	16	static
C:/Users/DQUACH/Documents/Test_LineSTM32/test_project/Core/Src/main.c:161:6:SystemClock_Config	88	static
C:/Users/DQUACH/Documents/Test_LineSTM32/test_project/Core/Src/main.c:203:13:MX_ADC1_Init	24	static
C:/Users/DQUACH/Documents/Test_LineSTM32/test_project/Core/Src/main.c:255:13:MX_TIM2_Init	64	static
C:/Users/DQUACH/Documents/Test_LineSTM32/test_project/Core/Src/main.c:318:13:MX_TIM3_Init	64	static
C:/Users/DQUACH/Documents/Test_LineSTM32/test_project/Core/Src/main.c:381:13:MX_USART2_UART_Init	8	static
C:/Users/DQUACH/Documents/Test_LineSTM32/test_project/Core/Src/main.c:414:13:MX_GPIO_Init	40	static
C:/Users/DQUACH/Documents/Test_LineSTM32/test_project/Core/Src/main.c:457:6:Error_Handler	4	static,ignoring_inline_asm
